Archive member included to satisfy reference by file (symbol)

.\CortexM0\ARM_GCC_541\Debug\Design01.a(ADC_SAR_Seq_1.o)
                              .\CortexM0\ARM_GCC_541\Debug\main.o (ADC_SAR_Seq_1_Enable)
.\CortexM0\ARM_GCC_541\Debug\Design01.a(ADC_SAR_Seq_1_INT.o)
                              .\CortexM0\ARM_GCC_541\Debug\Design01.a(ADC_SAR_Seq_1.o) (ADC_SAR_Seq_1_ISR)
.\CortexM0\ARM_GCC_541\Debug\Design01.a(CyLib.o)
                              .\CortexM0\ARM_GCC_541\Debug\cyfitter_cfg.o (CyIntEnable)
.\CortexM0\ARM_GCC_541\Debug\Design01.a(CyLFClk.o)
                              .\CortexM0\ARM_GCC_541\Debug\cyfitter_cfg.o (CySysClkWcoStart)
.\CortexM0\ARM_GCC_541\Debug\Design01.a(PWM_1.o)
                              .\CortexM0\ARM_GCC_541\Debug\main.o (PWM_1_WriteCompare)
.\CortexM0\ARM_GCC_541\Debug\Design01.a(PWM_2.o)
                              .\CortexM0\ARM_GCC_541\Debug\main.o (PWM_2_WriteCompare)
.\CortexM0\ARM_GCC_541\Debug\Design01.a(Speaker.o)
                              .\CortexM0\ARM_GCC_541\Debug\main.o (Speaker_Write)
.\CortexM0\ARM_GCC_541\Debug\Design01.a(Red1.o)
                              .\CortexM0\ARM_GCC_541\Debug\main.o (Red1_Write)
.\CortexM0\ARM_GCC_541\Debug\Design01.a(Blue1.o)
                              .\CortexM0\ARM_GCC_541\Debug\main.o (Blue1_Write)
.\CortexM0\ARM_GCC_541\Debug\Design01.a(Green1.o)
                              .\CortexM0\ARM_GCC_541\Debug\main.o (Green1_Write)
.\CortexM0\ARM_GCC_541\Debug\Design01.a(Red2.o)
                              .\CortexM0\ARM_GCC_541\Debug\main.o (Red2_Write)
.\CortexM0\ARM_GCC_541\Debug\Design01.a(Blue2.o)
                              .\CortexM0\ARM_GCC_541\Debug\main.o (Blue2_Write)
.\CortexM0\ARM_GCC_541\Debug\Design01.a(Green2.o)
                              .\CortexM0\ARM_GCC_541\Debug\main.o (Green2_Write)
.\CortexM0\ARM_GCC_541\Debug\Design01.a(Switch1.o)
                              .\CortexM0\ARM_GCC_541\Debug\main.o (Switch1_Read)
.\CortexM0\ARM_GCC_541\Debug\Design01.a(PWM_3.o)
                              .\CortexM0\ARM_GCC_541\Debug\main.o (PWM_3_WriteCompare)
.\CortexM0\ARM_GCC_541\Debug\Design01.a(CyBootAsmGnu.o)
                              .\CortexM0\ARM_GCC_541\Debug\cyfitter_cfg.o (CyDelayCycles)
c:/program files (x86)/cypress/psoc creator/4.4/psoc creator/import/gnu/arm/5.4.1/bin/../lib/gcc/arm-none-eabi/5.4.1/armv6-m\libgcc.a(_udivsi3.o)
                              .\CortexM0\ARM_GCC_541\Debug\Design01.a(CyLib.o) (__aeabi_uidiv)
c:/program files (x86)/cypress/psoc creator/4.4/psoc creator/import/gnu/arm/5.4.1/bin/../lib/gcc/arm-none-eabi/5.4.1/armv6-m\libgcc.a(_divsi3.o)
                              .\CortexM0\ARM_GCC_541\Debug\Design01.a(ADC_SAR_Seq_1.o) (__aeabi_idiv)
c:/program files (x86)/cypress/psoc creator/4.4/psoc creator/import/gnu/arm/5.4.1/bin/../lib/gcc/arm-none-eabi/5.4.1/armv6-m\libgcc.a(_dvmd_tls.o)
                              c:/program files (x86)/cypress/psoc creator/4.4/psoc creator/import/gnu/arm/5.4.1/bin/../lib/gcc/arm-none-eabi/5.4.1/armv6-m\libgcc.a(_udivsi3.o) (__aeabi_idiv0)
c:/program files (x86)/cypress/psoc creator/4.4/psoc creator/import/gnu/arm/5.4.1/bin/../lib/gcc/arm-none-eabi/5.4.1/armv6-m\libgcc.a(_aeabi_ldivmod.o)
                              .\CortexM0\ARM_GCC_541\Debug\Design01.a(ADC_SAR_Seq_1.o) (__aeabi_ldivmod)
c:/program files (x86)/cypress/psoc creator/4.4/psoc creator/import/gnu/arm/5.4.1/bin/../lib/gcc/arm-none-eabi/5.4.1/armv6-m\libgcc.a(_muldi3.o)
                              .\CortexM0\ARM_GCC_541\Debug\Design01.a(ADC_SAR_Seq_1.o) (__aeabi_lmul)
c:/program files (x86)/cypress/psoc creator/4.4/psoc creator/import/gnu/arm/5.4.1/bin/../lib/gcc/arm-none-eabi/5.4.1/armv6-m\libgcc.a(bpabi.o)
                              c:/program files (x86)/cypress/psoc creator/4.4/psoc creator/import/gnu/arm/5.4.1/bin/../lib/gcc/arm-none-eabi/5.4.1/armv6-m\libgcc.a(_aeabi_ldivmod.o) (__gnu_ldivmod_helper)
c:/program files (x86)/cypress/psoc creator/4.4/psoc creator/import/gnu/arm/5.4.1/bin/../lib/gcc/arm-none-eabi/5.4.1/armv6-m\libgcc.a(divsf3.o)
                              .\CortexM0\ARM_GCC_541\Debug\Design01.a(ADC_SAR_Seq_1.o) (__aeabi_fdiv)
c:/program files (x86)/cypress/psoc creator/4.4/psoc creator/import/gnu/arm/5.4.1/bin/../lib/gcc/arm-none-eabi/5.4.1/armv6-m\libgcc.a(mulsf3.o)
                              .\CortexM0\ARM_GCC_541\Debug\Design01.a(ADC_SAR_Seq_1.o) (__aeabi_fmul)
c:/program files (x86)/cypress/psoc creator/4.4/psoc creator/import/gnu/arm/5.4.1/bin/../lib/gcc/arm-none-eabi/5.4.1/armv6-m\libgcc.a(floatsisf.o)
                              .\CortexM0\ARM_GCC_541\Debug\Design01.a(ADC_SAR_Seq_1.o) (__aeabi_i2f)
c:/program files (x86)/cypress/psoc creator/4.4/psoc creator/import/gnu/arm/5.4.1/bin/../lib/gcc/arm-none-eabi/5.4.1/armv6-m\libgcc.a(_clzsi2.o)
                              c:/program files (x86)/cypress/psoc creator/4.4/psoc creator/import/gnu/arm/5.4.1/bin/../lib/gcc/arm-none-eabi/5.4.1/armv6-m\libgcc.a(divsf3.o) (__clzsi2)
[...]
Memory Configuration

Name             Origin             Length             Attributes
rom              0x00000000         0x00040000         xr
ram              0x20000000         0x00008000         xrw
*default*        0x00000000         0xffffffff

Linker script and memory map

LOAD c:/program files (x86)/cypress/psoc creator/4.4/psoc creator/import/gnu/arm/5.4.1/bin/../lib/gcc/arm-none-eabi/5.4.1/armv6-m/crti.o
LOAD c:/program files (x86)/cypress/psoc creator/4.4/psoc creator/import/gnu/arm/5.4.1/bin/../lib/gcc/arm-none-eabi/5.4.1/armv6-m/crtbegin.o
LOAD c:/program files (x86)/cypress/psoc creator/4.4/psoc creator/import/gnu/arm/5.4.1/bin/../lib/gcc/arm-none-eabi/5.4.1/../../../../arm-none-eabi/lib/armv6-m/crt0.o
START GROUP
LOAD .\CortexM0\ARM_GCC_541\Debug\main.o
LOAD .\CortexM0\ARM_GCC_541\Debug\cyfitter_cfg.o
LOAD .\CortexM0\ARM_GCC_541\Debug\cymetadata.o
LOAD .\CortexM0\ARM_GCC_541\Debug\Cm0Start.o
LOAD .\CortexM0\ARM_GCC_541\Debug\Design01.a
END GROUP
START GROUP
LOAD c:/program files (x86)/cypress/psoc creator/4.4/psoc creator/import/gnu/arm/5.4.1/bin/../lib/gcc/arm-none-eabi/5.4.1/armv6-m\libgcc.a
LOAD c:/program files (x86)/cypress/psoc creator/4.4/psoc creator/import/gnu/arm/5.4.1/bin/../lib/gcc/arm-none-eabi/5.4.1/../../../../arm-none-eabi/lib/armv6-m\libg_nano.a
LOAD c:/program files (x86)/cypress/psoc creator/4.4/psoc creator/import/gnu/arm/5.4.1/bin/../lib/gcc/arm-none-eabi/5.4.1/../../../../arm-none-eabi/lib/armv6-m\libc_nano.a
END GROUP
START GROUP
LOAD c:/program files (x86)/cypress/psoc creator/4.4/psoc creator/import/gnu/arm/5.4.1/bin/../lib/gcc/arm-none-eabi/5.4.1/armv6-m\libgcc.a
LOAD c:/program files (x86)/cypress/psoc creator/4.4/psoc creator/import/gnu/arm/5.4.1/bin/../lib/gcc/arm-none-eabi/5.4.1/../../../../arm-none-eabi/lib/armv6-m\libc_nano.a
END GROUP
LOAD c:/program files (x86)/cypress/psoc creator/4.4/psoc creator/import/gnu/arm/5.4.1/bin/../lib/gcc/arm-none-eabi/5.4.1/armv6-m/crtend.o
LOAD c:/program files (x86)/cypress/psoc creator/4.4/psoc creator/import/gnu/arm/5.4.1/bin/../lib/gcc/arm-none-eabi/5.4.1/armv6-m/crtn.o
START GROUP
LOAD c:/program files (x86)/cypress/psoc creator/4.4/psoc creator/import/gnu/arm/5.4.1/bin/../lib/gcc/arm-none-eabi/5.4.1/armv6-m\libgcc.a
LOAD c:/program files (x86)/cypress/psoc creator/4.4/psoc creator/import/gnu/arm/5.4.1/bin/../lib/gcc/arm-none-eabi/5.4.1/../../../../arm-none-eabi/lib/armv6-m\libc.a
LOAD c:/program files (x86)/cypress/psoc creator/4.4/psoc creator/import/gnu/arm/5.4.1/bin/../lib/gcc/arm-none-eabi/5.4.1/../../../../arm-none-eabi/lib/armv6-m\libnosys.a
END GROUP
                0x00000000                CY_APPL_ORIGIN = 0x0
                0x00000100                CY_FLASH_ROW_SIZE = 0x100
                0x00000001                CY_APPL_NUM = 0x1
                0x00000001                CY_APPL_MAX = 0x1
                0x00000040                CY_METADATA_SIZE = 0x40
                0x00000000                CY_APPL_LOADABLE = 0x0
                0x00000000                CY_CHECKSUM_EXCLUDE_SIZE = ALIGN (0x0, CY_FLASH_ROW_SIZE)
                0x00000000                CY_APP_FOR_STACK_AND_COPIER = 0x0
                [!provide]                PROVIDE (__cy_heap_start, _end)
                0x00000001                PROVIDE (__cy_region_num, ((__cy_regions_end - __cy_regions) / 0x10))
                0x20008000                PROVIDE (__cy_stack, (ORIGIN (ram) + LENGTH (ram)))
                [!provide]                PROVIDE (__cy_heap_end, (__cy_stack - 0x800))

.cybootloader   0x00000000        0x0
 *(.cybootloader)
                0x00000000                appl1_start = CY_APPL_ORIGIN?CY_APPL_ORIGIN:ALIGN (CY_FLASH_ROW_SIZE)
                0x0001ff00                appl2_start = (appl1_start + ALIGN ((((LENGTH (rom) - appl1_start) - (0x2 * CY_FLASH_ROW_SIZE)) / 0x2), CY_FLASH_ROW_SIZE))
                0x00000000                appl_start = (CY_APPL_NUM == 0x1)?appl1_start:appl2_start
                0x00000001                cy_project_type_bootloader = (appl_start == 0x0)?0x1:0x0
                0x00000000                cy_project_type_app_for_stack_and_copier = (CY_APP_FOR_STACK_AND_COPIER == 0x1)?0x1:0x0

.text           0x00000000      0xfc8
 CREATE_OBJECT_SYMBOLS
                0x00000000                PROVIDE (__cy_interrupt_vector, RomVectors)
 *(.romvectors)
 .romvectors    0x00000000       0x10 .\CortexM0\ARM_GCC_541\Debug\Cm0Start.o
                0x00000000                RomVectors
                0x00000001                ASSERT ((. != __cy_interrupt_vector), No interrupt vector)
                0x00000001                ASSERT (CY_APPL_ORIGIN?(SIZEOF (.cybootloader) <= CY_APPL_ORIGIN):0x1, Wrong image location)
                0x00000010                PROVIDE (__cy_reset, Reset)
 *(.text.Reset)
 .text.Reset    0x00000010        0x8 .\CortexM0\ARM_GCC_541\Debug\Cm0Start.o
                0x00000010                Reset
                0x00000001                ASSERT ((. != __cy_reset), No reset code)
 *(.psocinit)
 .psocinit      0x00000018      0x27c .\CortexM0\ARM_GCC_541\Debug\cyfitter_cfg.o
                0x00000148                cyfitter_cfg
                0x00000294                . = MAX (., 0x100)
 *(.text .text.* .gnu.linkonce.t.*)
 .text          0x00000294       0x60 c:/program files (x86)/cypress/psoc creator/4.4/psoc creator/import/gnu/arm/5.4.1/bin/../lib/gcc/arm-none-eabi/5.4.1/armv6-m/crtbegin.o
 .text.main     0x000002f4      0x140 .\CortexM0\ARM_GCC_541\Debug\main.o
                0x000002f4                main
 .text.cfg_write_bytes32
                0x00000434       0x34 .\CortexM0\ARM_GCC_541\Debug\cyfitter_cfg.o
 .text.CYMEMZERO
                0x00000468        0xc .\CortexM0\ARM_GCC_541\Debug\cyfitter_cfg.o
 .text.SetAnalogRoutingPumps
                0x00000474       0x20 .\CortexM0\ARM_GCC_541\Debug\cyfitter_cfg.o
                0x00000474                SetAnalogRoutingPumps
 .text.AnalogSetDefault
                0x00000494       0x48 .\CortexM0\ARM_GCC_541\Debug\cyfitter_cfg.o
 .text.IntDefaultHandler
                0x000004dc       0x10 .\CortexM0\ARM_GCC_541\Debug\Cm0Start.o
                0x000004dc                IntDefaultHandler
 .text.Start_c  0x000004ec       0x48 .\CortexM0\ARM_GCC_541\Debug\Cm0Start.o
                0x000004ec                Start_c
 .text.initialize_psoc
                0x00000534       0x4c .\CortexM0\ARM_GCC_541\Debug\Cm0Start.o
                0x00000534                initialize_psoc
 .text.ADC_SAR_Seq_1_Init
                0x00000580       0xe8 .\CortexM0\ARM_GCC_541\Debug\Design01.a(ADC_SAR_Seq_1.o)
                0x00000580                ADC_SAR_Seq_1_Init
 .text.ADC_SAR_Seq_1_Enable
                0x00000668       0x30 .\CortexM0\ARM_GCC_541\Debug\Design01.a(ADC_SAR_Seq_1.o)
                0x00000668                ADC_SAR_Seq_1_Enable
 .text.ADC_SAR_Seq_1_Start
                0x00000698       0x20 .\CortexM0\ARM_GCC_541\Debug\Design01.a(ADC_SAR_Seq_1.o)
                0x00000698                ADC_SAR_Seq_1_Start
 .text.ADC_SAR_Seq_1_StartConvert
                0x000006b8       0x14 .\CortexM0\ARM_GCC_541\Debug\Design01.a(ADC_SAR_Seq_1.o)
                0x000006b8                ADC_SAR_Seq_1_StartConvert
 .text.ADC_SAR_Seq_1_IsEndConversion
                0x000006cc       0x28 .\CortexM0\ARM_GCC_541\Debug\Design01.a(ADC_SAR_Seq_1.o)
                0x000006cc                ADC_SAR_Seq_1_IsEndConversion
 .text.ADC_SAR_Seq_1_GetResult16
                0x000006f4       0x2c .\CortexM0\ARM_GCC_541\Debug\Design01.a(ADC_SAR_Seq_1.o)
                0x000006f4                ADC_SAR_Seq_1_GetResult16
 .text.ADC_SAR_Seq_1_ISR
                0x00000720        0xc .\CortexM0\ARM_GCC_541\Debug\Design01.a(ADC_SAR_Seq_1_INT.o)
                0x00000720                ADC_SAR_Seq_1_ISR
 .text.CySysClkEcoReadStatus
                0x0000072c       0x10 .\CortexM0\ARM_GCC_541\Debug\Design01.a(CyLib.o)
                0x0000072c                CySysClkEcoReadStatus
 .text.CyIntEnable
                0x0000073c       0x14 .\CortexM0\ARM_GCC_541\Debug\Design01.a(CyLib.o)
                0x0000073c                CyIntEnable
 .text.CyHalt   0x00000750        0x4 .\CortexM0\ARM_GCC_541\Debug\Design01.a(CyLib.o)
                0x00000750                CyHalt
 .text.CyIntSetVector
                0x00000754       0x24 .\CortexM0\ARM_GCC_541\Debug\Design01.a(CyLib.o)
                0x00000754                CyIntSetVector
 .text.CyIntSetPriority
                0x00000778       0x4c .\CortexM0\ARM_GCC_541\Debug\Design01.a(CyLib.o)
                0x00000778                CyIntSetPriority
 .text.CyDelay  0x000007c4       0x30 .\CortexM0\ARM_GCC_541\Debug\Design01.a(CyLib.o)
                0x000007c4                CyDelay
 .text.CyDelayUs
                0x000007f4       0x14 .\CortexM0\ARM_GCC_541\Debug\Design01.a(CyLib.o)
                0x000007f4                CyDelayUs
 .text.CySysClkWriteImoFreq
                0x00000808      0x164 .\CortexM0\ARM_GCC_541\Debug\Design01.a(CyLib.o)
                0x00000808                CySysClkWriteImoFreq
 .text.CySysClkEcoStart
                0x0000096c       0x54 .\CortexM0\ARM_GCC_541\Debug\Design01.a(CyLib.o)
                0x0000096c                CySysClkEcoStart
 .text.CySysWdtLocked
                0x000009c0       0x14 .\CortexM0\ARM_GCC_541\Debug\Design01.a(CyLFClk.o)
 .text.CySysClkWcoStart
                0x000009d4       0x40 .\CortexM0\ARM_GCC_541\Debug\Design01.a(CyLFClk.o)
                0x000009d4                CySysClkWcoStart
 .text.CySysClkWcoSetPowerMode
                0x00000a14       0x80 .\CortexM0\ARM_GCC_541\Debug\Design01.a(CyLFClk.o)
                0x00000a14                CySysClkWcoSetPowerMode
 .text.CySysWdtLock
                0x00000a94       0x1c .\CortexM0\ARM_GCC_541\Debug\Design01.a(CyLFClk.o)
                0x00000a94                CySysWdtLock
 .text.CySysWdtUnlock
                0x00000ab0       0x30 .\CortexM0\ARM_GCC_541\Debug\Design01.a(CyLFClk.o)
                0x00000ab0                CySysWdtUnlock
 .text.CySysWdtClearInterrupt
                0x00000ae0       0x4c .\CortexM0\ARM_GCC_541\Debug\Design01.a(CyLFClk.o)
                0x00000ae0                CySysWdtClearInterrupt
 .text.CySysWdtIsr
                0x00000b2c       0xa4 .\CortexM0\ARM_GCC_541\Debug\Design01.a(CyLFClk.o)
                0x00000b2c                CySysWdtIsr
 .text.PWM_1_Enable
                0x00000bd0       0x14 .\CortexM0\ARM_GCC_541\Debug\Design01.a(PWM_1.o)
                0x00000bd0                PWM_1_Enable
 .text.PWM_1_WriteCounter
                0x00000be4        0xc .\CortexM0\ARM_GCC_541\Debug\Design01.a(PWM_1.o)
                0x00000be4                PWM_1_WriteCounter
 .text.PWM_1_WritePeriod
                0x00000bf0        0xc .\CortexM0\ARM_GCC_541\Debug\Design01.a(PWM_1.o)
                0x00000bf0                PWM_1_WritePeriod
 .text.PWM_1_WriteCompare
                0x00000bfc        0xc .\CortexM0\ARM_GCC_541\Debug\Design01.a(PWM_1.o)
                0x00000bfc                PWM_1_WriteCompare
 .text.PWM_1_SetInterruptMode
                0x00000c08        0xc .\CortexM0\ARM_GCC_541\Debug\Design01.a(PWM_1.o)
                0x00000c08                PWM_1_SetInterruptMode
 .text.PWM_1_ReadStatusRegister
                0x00000c14        0xc .\CortexM0\ARM_GCC_541\Debug\Design01.a(PWM_1.o)
                0x00000c14                PWM_1_ReadStatusRegister
 .text.PWM_1_ReadCapture
                0x00000c20        0xc .\CortexM0\ARM_GCC_541\Debug\Design01.a(PWM_1.o)
                0x00000c20                PWM_1_ReadCapture
 .text.PWM_1_ClearFIFO
                0x00000c2c       0x14 .\CortexM0\ARM_GCC_541\Debug\Design01.a(PWM_1.o)
                0x00000c2c                PWM_1_ClearFIFO
 .text.PWM_1_Init
                0x00000c40       0x58 .\CortexM0\ARM_GCC_541\Debug\Design01.a(PWM_1.o)
                0x00000c40                PWM_1_Init
 .text.PWM_1_Start
                0x00000c98       0x20 .\CortexM0\ARM_GCC_541\Debug\Design01.a(PWM_1.o)
                0x00000c98                PWM_1_Start
 .text.PWM_2_Enable
                0x00000cb8       0x14 .\CortexM0\ARM_GCC_541\Debug\Design01.a(PWM_2.o)
                0x00000cb8                PWM_2_Enable
 .text.PWM_2_WriteCounter
                0x00000ccc        0xc .\CortexM0\ARM_GCC_541\Debug\Design01.a(PWM_2.o)
                0x00000ccc                PWM_2_WriteCounter
 .text.PWM_2_WritePeriod
                0x00000cd8        0xc .\CortexM0\ARM_GCC_541\Debug\Design01.a(PWM_2.o)
                0x00000cd8                PWM_2_WritePeriod
 .text.PWM_2_WriteCompare
                0x00000ce4        0xc .\CortexM0\ARM_GCC_541\Debug\Design01.a(PWM_2.o)
                0x00000ce4                PWM_2_WriteCompare
 .text.PWM_2_SetInterruptMode
                0x00000cf0        0xc .\CortexM0\ARM_GCC_541\Debug\Design01.a(PWM_2.o)
                0x00000cf0                PWM_2_SetInterruptMode
 .text.PWM_2_ReadStatusRegister
                0x00000cfc        0xc .\CortexM0\ARM_GCC_541\Debug\Design01.a(PWM_2.o)
                0x00000cfc                PWM_2_ReadStatusRegister
 .text.PWM_2_ReadCapture
                0x00000d08        0xc .\CortexM0\ARM_GCC_541\Debug\Design01.a(PWM_2.o)
                0x00000d08                PWM_2_ReadCapture
 .text.PWM_2_ClearFIFO
                0x00000d14       0x14 .\CortexM0\ARM_GCC_541\Debug\Design01.a(PWM_2.o)
                0x00000d14                PWM_2_ClearFIFO
 .text.PWM_2_Init
                0x00000d28       0x58 .\CortexM0\ARM_GCC_541\Debug\Design01.a(PWM_2.o)
                0x00000d28                PWM_2_Init
 .text.PWM_2_Start
                0x00000d80       0x20 .\CortexM0\ARM_GCC_541\Debug\Design01.a(PWM_2.o)
                0x00000d80                PWM_2_Start
 .text.Speaker_Write
                0x00000da0       0x18 .\CortexM0\ARM_GCC_541\Debug\Design01.a(Speaker.o)
                0x00000da0                Speaker_Write
 .text.Red1_Write
                0x00000db8       0x18 .\CortexM0\ARM_GCC_541\Debug\Design01.a(Red1.o)
                0x00000db8                Red1_Write
 .text.Blue1_Write
                0x00000dd0       0x18 .\CortexM0\ARM_GCC_541\Debug\Design01.a(Blue1.o)
                0x00000dd0                Blue1_Write
 .text.Green1_Write
                0x00000de8       0x18 .\CortexM0\ARM_GCC_541\Debug\Design01.a(Green1.o)
                0x00000de8                Green1_Write
 .text.Red2_Write
                0x00000e00       0x18 .\CortexM0\ARM_GCC_541\Debug\Design01.a(Red2.o)
                0x00000e00                Red2_Write
 .text.Blue2_Write
                0x00000e18       0x18 .\CortexM0\ARM_GCC_541\Debug\Design01.a(Blue2.o)
                0x00000e18                Blue2_Write
 .text.Green2_Write
                0x00000e30       0x18 .\CortexM0\ARM_GCC_541\Debug\Design01.a(Green2.o)
                0x00000e30                Green2_Write
 .text.Switch1_Read
                0x00000e48       0x10 .\CortexM0\ARM_GCC_541\Debug\Design01.a(Switch1.o)
                0x00000e48                Switch1_Read
 .text.PWM_3_Enable
                0x00000e58       0x14 .\CortexM0\ARM_GCC_541\Debug\Design01.a(PWM_3.o)
                0x00000e58                PWM_3_Enable
 .text.PWM_3_WriteCounter
                0x00000e6c        0xc .\CortexM0\ARM_GCC_541\Debug\Design01.a(PWM_3.o)
                0x00000e6c                PWM_3_WriteCounter
 .text.PWM_3_WritePeriod
                0x00000e78        0xc .\CortexM0\ARM_GCC_541\Debug\Design01.a(PWM_3.o)
                0x00000e78                PWM_3_WritePeriod
 .text.PWM_3_WriteCompare
                0x00000e84        0xc .\CortexM0\ARM_GCC_541\Debug\Design01.a(PWM_3.o)
                0x00000e84                PWM_3_WriteCompare
 .text.PWM_3_SetInterruptMode
                0x00000e90        0xc .\CortexM0\ARM_GCC_541\Debug\Design01.a(PWM_3.o)
                0x00000e90                PWM_3_SetInterruptMode
 .text.PWM_3_ReadStatusRegister
                0x00000e9c        0xc .\CortexM0\ARM_GCC_541\Debug\Design01.a(PWM_3.o)
                0x00000e9c                PWM_3_ReadStatusRegister
 .text.PWM_3_ReadCapture
                0x00000ea8        0xc .\CortexM0\ARM_GCC_541\Debug\Design01.a(PWM_3.o)
                0x00000ea8                PWM_3_ReadCapture
 .text.PWM_3_ClearFIFO
                0x00000eb4       0x14 .\CortexM0\ARM_GCC_541\Debug\Design01.a(PWM_3.o)
                0x00000eb4                PWM_3_ClearFIFO
 .text.PWM_3_Init
                0x00000ec8       0x58 .\CortexM0\ARM_GCC_541\Debug\Design01.a(PWM_3.o)
                0x00000ec8                PWM_3_Init
 .text.PWM_3_Start
                0x00000f20       0x20 .\CortexM0\ARM_GCC_541\Debug\Design01.a(PWM_3.o)
                0x00000f20                PWM_3_Start
 .text          0x00000f40       0x20 .\CortexM0\ARM_GCC_541\Debug\Design01.a(CyBootAsmGnu.o)
                0x00000f40                CyDelayCycles
                0x00000f52                CyEnterCriticalSection
                0x00000f5a                CyExitCriticalSection
 .text.__errno  0x00000f60        0xc c:/program files (x86)/cypress/psoc creator/4.4/psoc creator/import/gnu/arm/5.4.1/bin/../lib/gcc/arm-none-eabi/5.4.1/../../../../arm-none-eabi/lib/armv6-m\libg_nano.a(lib_a-errno.o)
                0x00000f60                __errno
 .text.__libc_init_array
                0x00000f6c       0x4c c:/program files (x86)/cypress/psoc creator/4.4/psoc creator/import/gnu/arm/5.4.1/bin/../lib/gcc/arm-none-eabi/5.4.1/../../../../arm-none-eabi/lib/armv6-m\libg_nano.a(lib_a-init.o)
                0x00000f6c                __libc_init_array
 .text.memset   0x00000fb8       0x10 c:/program files (x86)/cypress/psoc creator/4.4/psoc creator/import/gnu/arm/5.4.1/bin/../lib/gcc/arm-none-eabi/5.4.1/../../../../arm-none-eabi/lib/armv6-m\libg_nano.a(lib_a-memset.o)
                0x00000fb8                memset
 *(.plt)
 *(.gnu.warning)
 *(.glue_7t)
 .glue_7t       0x00000fc8        0x0 linker stubs
 *(.glue_7)
 .glue_7        0x00000fc8        0x0 linker stubs
 *(.vfp11_veneer)
 .vfp11_veneer  0x00000fc8        0x0 linker stubs
 *(.bootloader)
 *(.ARM.extab* .gnu.linkonce.armextab.*)
 *(.gcc_except_table)

.v4_bx          0x00000fc8        0x0
 .v4_bx         0x00000fc8        0x0 linker stubs

.iplt           0x00000fc8        0x0
 .iplt          0x00000fc8        0x0 c:/program files (x86)/cypress/psoc creator/4.4/psoc creator/import/gnu/arm/5.4.1/bin/../lib/gcc/arm-none-eabi/5.4.1/armv6-m/crtbegin.o

.eh_frame_hdr
 *(.eh_frame_hdr)

.eh_frame       0x00000fc8        0x4
 *(.eh_frame)
 .eh_frame      0x00000fc8        0x0 c:/program files (x86)/cypress/psoc creator/4.4/psoc creator/import/gnu/arm/5.4.1/bin/../lib/gcc/arm-none-eabi/5.4.1/armv6-m/crtbegin.o
 .eh_frame      0x00000fc8        0x4 c:/program files (x86)/cypress/psoc creator/4.4/psoc creator/import/gnu/arm/5.4.1/bin/../lib/gcc/arm-none-eabi/5.4.1/armv6-m/crtend.o
                [!provide]                PROVIDE (__exidx_start, .)

.ARM.exidx
 *(.ARM.exidx* .gnu.linkonce.armexidx.*)
                0x00000fcc                __exidx_end = .

.rodata         0x00000fcc      0x254
 *(.rodata .rodata.* .gnu.linkonce.r.*)
 .rodata        0x00000fcc      0x1ec .\CortexM0\ARM_GCC_541\Debug\cyfitter_cfg.o
 .rodata        0x000011b8       0x2e .\CortexM0\ARM_GCC_541\Debug\Design01.a(CyLib.o)
                0x000011b8                cyImoFreqMhz2Reg
 .rodata.str1.1
                0x000011e6        0x2 c:/program files (x86)/cypress/psoc creator/4.4/psoc creator/import/gnu/arm/5.4.1/bin/../lib/gcc/arm-none-eabi/5.4.1/../../../../arm-none-eabi/lib/armv6-m\libg_nano.a(lib_a-impure.o)
                0x000011e8                . = ALIGN (0x4)
 *(.init)
 .init          0x000011e8        0x4 c:/program files (x86)/cypress/psoc creator/4.4/psoc creator/import/gnu/arm/5.4.1/bin/../lib/gcc/arm-none-eabi/5.4.1/armv6-m/crti.o
                0x000011e8                _init
 .init          0x000011ec        0x8 c:/program files (x86)/cypress/psoc creator/4.4/psoc creator/import/gnu/arm/5.4.1/bin/../lib/gcc/arm-none-eabi/5.4.1/armv6-m/crtn.o
                0x000011f4                . = ALIGN (0x4)
                0x000011f4                __preinit_array_start = .
 *(.preinit_array)
                0x000011f4                __preinit_array_end = .
                0x000011f4                . = ALIGN (0x4)
                0x000011f4                __init_array_start = .
 *(SORT(.init_array.*))
 *(.init_array)
 .init_array    0x000011f4        0x4 c:/program files (x86)/cypress/psoc creator/4.4/psoc creator/import/gnu/arm/5.4.1/bin/../lib/gcc/arm-none-eabi/5.4.1/armv6-m/crtbegin.o
 .init_array    0x000011f8        0x4 .\CortexM0\ARM_GCC_541\Debug\Cm0Start.o
                0x000011fc                __init_array_end = .
                0x000011fc                . = ALIGN (0x4)
 *(.fini)
 .fini          0x000011fc        0x4 c:/program files (x86)/cypress/psoc creator/4.4/psoc creator/import/gnu/arm/5.4.1/bin/../lib/gcc/arm-none-eabi/5.4.1/armv6-m/crti.o
                0x000011fc                _fini
 .fini          0x00001200        0x8 c:/program files (x86)/cypress/psoc creator/4.4/psoc creator/import/gnu/arm/5.4.1/bin/../lib/gcc/arm-none-eabi/5.4.1/armv6-m/crtn.o
                0x00001208                . = ALIGN (0x4)
                0x00001208                __fini_array_start = .
 *(.fini_array)
 .fini_array    0x00001208        0x4 c:/program files (x86)/cypress/psoc creator/4.4/psoc creator/import/gnu/arm/5.4.1/bin/../lib/gcc/arm-none-eabi/5.4.1/armv6-m/crtbegin.o
 *(SORT(.fini_array.*))
                0x0000120c                __fini_array_end = .
                0x0000120c                . = ALIGN (0x4)
 *crtbegin.o(.ctors)
 *(EXCLUDE_FILE(*crtend.o) .ctors)
 *(SORT(.ctors.*))
 *crtend.o(.ctors)
                0x0000120c                . = ALIGN (0x4)
 *crtbegin.o(.dtors)
 *(EXCLUDE_FILE(*crtend.o) .dtors)
 *(SORT(.dtors.*))
 *crtend.o(.dtors)
                0x0000120c                . = ALIGN (0x4)
                0x0000120c                __cy_regions = .
                0x0000120c        0x4 LONG 0x1220 __cy_region_init_ram
                0x00001210        0x4 LONG 0x200000c0 __cy_region_start_data
                0x00001214        0x4 LONG 0x88 __cy_region_init_size_ram
                0x00001218        0x4 LONG 0x58 __cy_region_zero_size_ram
                0x0000121c                __cy_regions_end = .
                0x00001220                . = ALIGN (0x8)
 *fill*         0x0000121c        0x4 
                0x00001220                _etext = .

.cy_checksum_exclude
                0x00001220        0x0
 *(.cy_checksum_exclude)

.ramvectors     0x20000000       0xc0
                0x20000000                __cy_region_start_ram = .
 *(.ramvectors)
 .ramvectors    0x20000000       0xc0 .\CortexM0\ARM_GCC_541\Debug\Cm0Start.o
                0x20000000                CyRamVectors

.noinit
 *(.noinit)

.data           0x200000c0       0x88 load address 0x00001220
                0x200000c0                __cy_region_start_data = .
 *(.jcr)
 .jcr           0x200000c0        0x0 c:/program files (x86)/cypress/psoc creator/4.4/psoc creator/import/gnu/arm/5.4.1/bin/../lib/gcc/arm-none-eabi/5.4.1/armv6-m/crtbegin.o
 .jcr           0x200000c0        0x4 c:/program files (x86)/cypress/psoc creator/4.4/psoc creator/import/gnu/arm/5.4.1/bin/../lib/gcc/arm-none-eabi/5.4.1/armv6-m/crtend.o
 *(.got.plt)
 *(.got)
 *(.shdata)
 *(.data .data.* .gnu.linkonce.d.*)
 .data          0x200000c4       0x14 .\CortexM0\ARM_GCC_541\Debug\Design01.a(CyLib.o)
                0x200000c4                CySysClkPumpConfig
                0x200000c8                cydelay32kMs
                0x200000cc                cydelayFreqKhz
                0x200000d0                cydelayFreqMhz
                0x200000d4                cydelayFreqHz
 .data          0x200000d8        0x8 .\CortexM0\ARM_GCC_541\Debug\Design01.a(CyLFClk.o)
 .data.impure_data
                0x200000e0       0x60 c:/program files (x86)/cypress/psoc creator/4.4/psoc creator/import/gnu/arm/5.4.1/bin/../lib/gcc/arm-none-eabi/5.4.1/../../../../arm-none-eabi/lib/armv6-m\libg_nano.a(lib_a-impure.o)
 .data._impure_ptr
                0x20000140        0x4 c:/program files (x86)/cypress/psoc creator/4.4/psoc creator/import/gnu/arm/5.4.1/bin/../lib/gcc/arm-none-eabi/5.4.1/../../../../arm-none-eabi/lib/armv6-m\libg_nano.a(lib_a-impure.o)
                0x20000140                _impure_ptr
                0x20000148                . = ALIGN (0x8)
 *fill*         0x20000144        0x4 
 *(.ram)
                0x20000148                _edata = .

.igot.plt       0x20000148        0x0 load address 0x000012a8
 .igot.plt      0x20000148        0x0 c:/program files (x86)/cypress/psoc creator/4.4/psoc creator/import/gnu/arm/5.4.1/bin/../lib/gcc/arm-none-eabi/5.4.1/armv6-m/crtbegin.o

.bss            0x20000148       0x58 load address 0x000012a8
                0x20000148                PROVIDE (__bss_start__, .)
 *(.shbss)
 *(.bss .bss.* .gnu.linkonce.b.*)
 .bss           0x20000148       0x1c c:/program files (x86)/cypress/psoc creator/4.4/psoc creator/import/gnu/arm/5.4.1/bin/../lib/gcc/arm-none-eabi/5.4.1/armv6-m/crtbegin.o
 .bss           0x20000164        0x1 .\CortexM0\ARM_GCC_541\Debug\Design01.a(ADC_SAR_Seq_1.o)
                0x20000164                ADC_SAR_Seq_1_initVar
 *fill*         0x20000165        0x3 
 .bss           0x20000168       0x28 .\CortexM0\ARM_GCC_541\Debug\Design01.a(CyLFClk.o)
 .bss           0x20000190        0x1 .\CortexM0\ARM_GCC_541\Debug\Design01.a(PWM_1.o)
                0x20000190                PWM_1_initVar
 .bss           0x20000191        0x1 .\CortexM0\ARM_GCC_541\Debug\Design01.a(PWM_2.o)
                0x20000191                PWM_2_initVar
 .bss           0x20000192        0x1 .\CortexM0\ARM_GCC_541\Debug\Design01.a(PWM_3.o)
                0x20000192                PWM_3_initVar
 *(COMMON)
 *fill*         0x20000193        0x1 
 COMMON         0x20000194        0x8 .\CortexM0\ARM_GCC_541\Debug\Design01.a(ADC_SAR_Seq_1.o)
                0x20000194                ADC_SAR_Seq_1_offset
                0x20000198                ADC_SAR_Seq_1_countsPer10Volt
                0x200001a0                . = ALIGN (0x8)
 *fill*         0x2000019c        0x4 
 *(.ram.b)
                0x200001a0                _end = .
                0x200001a0                __end = .
                0x200001a0                PROVIDE (end, .)
                0x200001a0                PROVIDE (__bss_end__, .)
                0x00001220                __cy_region_init_ram = LOADADDR (.data)
                0x00000088                __cy_region_init_size_ram = (_edata - ADDR (.data))
                0x00000058                __cy_region_zero_size_ram = (_end - _edata)

.heap           0x200001a0       0x80 load address 0x000012a8
                0x200001a0                . = _end
                0x20000220                . = (. + 0x80)
 *fill*         0x200001a0       0x80 
                0x20000220                __cy_heap_limit = .

.stack          0x20007800      0x800
                0x20007800                __cy_stack_limit = .
                0x20008000                . = (. + 0x800)
 *fill*         0x20007800      0x800 
                0x00000001                ASSERT ((__cy_stack_limit >= __cy_heap_limit), region RAM overflowed with stack)
                0x00000000                cy_checksum_exclude_size = (CY_APPL_LOADABLE == 0x1)?SIZEOF (.cy_checksum_exclude):0x0
                0x00000001                ASSERT ((cy_checksum_exclude_size <= CY_CHECKSUM_EXCLUDE_SIZE), CY_BOOT: Section .cy_checksum_exclude size exceedes specified limit.)
                0x0003ffc0                cyloadermeta_start = (cy_project_type_bootloader || cy_project_type_app_for_stack_and_copier)?(LENGTH (rom) - CY_METADATA_SIZE):0xf0000000

.cyloadermeta
 *(.cyloadermeta)
                0x0003ffc0                cyloadablemeta_start = cy_project_type_app_for_stack_and_copier?((LENGTH (rom) - CY_FLASH_ROW_SIZE) - CY_METADATA_SIZE):((LENGTH (rom) - (CY_FLASH_ROW_SIZE * (CY_APPL_NUM - 0x1))) - CY_METADATA_SIZE)

.cyloadablemeta
 *(.cyloadablemeta)

.cyflashprotect
                0x90400000       0x80
 *(.cyflashprotect)
 .cyflashprotect
                0x90400000       0x80 .\CortexM0\ARM_GCC_541\Debug\cymetadata.o
                0x90400000                cy_meta_flashprotect

.cymeta         0x90500000        0xc
 *(.cymeta)
 .cymeta        0x90500000        0xc .\CortexM0\ARM_GCC_541\Debug\cymetadata.o
                0x90500000                cy_metadata

.cychipprotect  0x90600000        0x1
 *(.cychipprotect)
 .cychipprotect
                0x90600000        0x1 .\CortexM0\ARM_GCC_541\Debug\cymetadata.o
                0x90600000                cy_meta_chipprotect

.rel.dyn        0x000012a8        0x0 load address 0x90600004
 .rel.iplt      0x000012a8        0x0 c:/program files (x86)/cypress/psoc creator/4.4/psoc creator/import/gnu/arm/5.4.1/bin/../lib/gcc/arm-none-eabi/5.4.1/armv6-m/crtbegin.o

.stab
 *(.stab)

.stabstr
 *(.stabstr)

.debug
 *(.debug)

.line
 *(.line)

.debug_srcinfo
 *(.debug_srcinfo)

.debug_sfnames
 *(.debug_sfnames)

.debug_aranges  0x00000000      0x910
 *(.debug_aranges)
 .debug_aranges
                0x00000000       0x20 .\CortexM0\ARM_GCC_541\Debug\main.o
 .debug_aranges
                0x00000020       0x48 .\CortexM0\ARM_GCC_541\Debug\cyfitter_cfg.o
 .debug_aranges
                0x00000068       0x18 .\CortexM0\ARM_GCC_541\Debug\cymetadata.o
 .debug_aranges
                0x00000080       0x48 .\CortexM0\ARM_GCC_541\Debug\Cm0Start.o
 .debug_aranges
                0x000000c8       0xa8 .\CortexM0\ARM_GCC_541\Debug\Design01.a(ADC_SAR_Seq_1.o)
 .debug_aranges
                0x00000170       0x20 .\CortexM0\ARM_GCC_541\Debug\Design01.a(ADC_SAR_Seq_1_INT.o)
 .debug_aranges
                0x00000190      0x1d0 .\CortexM0\ARM_GCC_541\Debug\Design01.a(CyLib.o)
 .debug_aranges
                0x00000360      0x188 .\CortexM0\ARM_GCC_541\Debug\Design01.a(CyLFClk.o)
 .debug_aranges
                0x000004e8       0x98 .\CortexM0\ARM_GCC_541\Debug\Design01.a(PWM_1.o)
 .debug_aranges
                0x00000580       0x98 .\CortexM0\ARM_GCC_541\Debug\Design01.a(PWM_2.o)
 .debug_aranges
                0x00000618       0x48 .\CortexM0\ARM_GCC_541\Debug\Design01.a(Speaker.o)
 .debug_aranges
                0x00000660       0x48 .\CortexM0\ARM_GCC_541\Debug\Design01.a(Red1.o)
 .debug_aranges
                0x000006a8       0x48 .\CortexM0\ARM_GCC_541\Debug\Design01.a(Blue1.o)
 .debug_aranges
                0x000006f0       0x48 .\CortexM0\ARM_GCC_541\Debug\Design01.a(Green1.o)
 .debug_aranges
                0x00000738       0x48 .\CortexM0\ARM_GCC_541\Debug\Design01.a(Red2.o)
 .debug_aranges
                0x00000780       0x48 .\CortexM0\ARM_GCC_541\Debug\Design01.a(Blue2.o)
 .debug_aranges
                0x000007c8       0x48 .\CortexM0\ARM_GCC_541\Debug\Design01.a(Green2.o)
 .debug_aranges
                0x00000810       0x48 .\CortexM0\ARM_GCC_541\Debug\Design01.a(Switch1.o)
 .debug_aranges
                0x00000858       0x98 .\CortexM0\ARM_GCC_541\Debug\Design01.a(PWM_3.o)
 .debug_aranges
                0x000008f0       0x20 .\CortexM0\ARM_GCC_541\Debug\Design01.a(CyBootAsmGnu.o)

.debug_pubnames
 *(.debug_pubnames)

.debug_info     0x00000000     0x48b6
 *(.debug_info .gnu.linkonce.wi.*)
 .debug_info    0x00000000      0x493 .\CortexM0\ARM_GCC_541\Debug\main.o
 .debug_info    0x00000493      0x499 .\CortexM0\ARM_GCC_541\Debug\cyfitter_cfg.o
 .debug_info    0x0000092c       0xf8 .\CortexM0\ARM_GCC_541\Debug\cymetadata.o
 .debug_info    0x00000a24      0x3a2 .\CortexM0\ARM_GCC_541\Debug\Cm0Start.o
 .debug_info    0x00000dc6      0x579 .\CortexM0\ARM_GCC_541\Debug\Design01.a(ADC_SAR_Seq_1.o)
 .debug_info    0x0000133f       0xcb .\CortexM0\ARM_GCC_541\Debug\Design01.a(ADC_SAR_Seq_1_INT.o)
 .debug_info    0x0000140a      0xd2c .\CortexM0\ARM_GCC_541\Debug\Design01.a(CyLib.o)
 .debug_info    0x00002136     0x1071 .\CortexM0\ARM_GCC_541\Debug\Design01.a(CyLFClk.o)
 .debug_info    0x000031a7      0x333 .\CortexM0\ARM_GCC_541\Debug\Design01.a(PWM_1.o)
 .debug_info    0x000034da      0x333 .\CortexM0\ARM_GCC_541\Debug\Design01.a(PWM_2.o)
 .debug_info    0x0000380d      0x19d .\CortexM0\ARM_GCC_541\Debug\Design01.a(Speaker.o)
 .debug_info    0x000039aa      0x19d .\CortexM0\ARM_GCC_541\Debug\Design01.a(Red1.o)
 .debug_info    0x00003b47      0x19d .\CortexM0\ARM_GCC_541\Debug\Design01.a(Blue1.o)
 .debug_info    0x00003ce4      0x19d .\CortexM0\ARM_GCC_541\Debug\Design01.a(Green1.o)
 .debug_info    0x00003e81      0x19d .\CortexM0\ARM_GCC_541\Debug\Design01.a(Red2.o)
 .debug_info    0x0000401e      0x19d .\CortexM0\ARM_GCC_541\Debug\Design01.a(Blue2.o)
 .debug_info    0x000041bb      0x19d .\CortexM0\ARM_GCC_541\Debug\Design01.a(Green2.o)
 .debug_info    0x00004358      0x19b .\CortexM0\ARM_GCC_541\Debug\Design01.a(Switch1.o)
 .debug_info    0x000044f3      0x333 .\CortexM0\ARM_GCC_541\Debug\Design01.a(PWM_3.o)
 .debug_info    0x00004826       0x90 .\CortexM0\ARM_GCC_541\Debug\Design01.a(CyBootAsmGnu.o)

.debug_abbrev   0x00000000     0x14a8
 *(.debug_abbrev)
 .debug_abbrev  0x00000000       0xb4 .\CortexM0\ARM_GCC_541\Debug\main.o
 .debug_abbrev  0x000000b4      0x1cf .\CortexM0\ARM_GCC_541\Debug\cyfitter_cfg.o
 .debug_abbrev  0x00000283       0x5d .\CortexM0\ARM_GCC_541\Debug\cymetadata.o
 .debug_abbrev  0x000002e0      0x1d7 .\CortexM0\ARM_GCC_541\Debug\Cm0Start.o
 .debug_abbrev  0x000004b7      0x184 .\CortexM0\ARM_GCC_541\Debug\Design01.a(ADC_SAR_Seq_1.o)
 .debug_abbrev  0x0000063b       0x65 .\CortexM0\ARM_GCC_541\Debug\Design01.a(ADC_SAR_Seq_1_INT.o)
 .debug_abbrev  0x000006a0      0x1d3 .\CortexM0\ARM_GCC_541\Debug\Design01.a(CyLib.o)
 .debug_abbrev  0x00000873      0x248 .\CortexM0\ARM_GCC_541\Debug\Design01.a(CyLFClk.o)
 .debug_abbrev  0x00000abb      0x133 .\CortexM0\ARM_GCC_541\Debug\Design01.a(PWM_1.o)
 .debug_abbrev  0x00000bee      0x133 .\CortexM0\ARM_GCC_541\Debug\Design01.a(PWM_2.o)
 .debug_abbrev  0x00000d21       0xc8 .\CortexM0\ARM_GCC_541\Debug\Design01.a(Speaker.o)
 .debug_abbrev  0x00000de9       0xc8 .\CortexM0\ARM_GCC_541\Debug\Design01.a(Red1.o)
 .debug_abbrev  0x00000eb1       0xc8 .\CortexM0\ARM_GCC_541\Debug\Design01.a(Blue1.o)
 .debug_abbrev  0x00000f79       0xc8 .\CortexM0\ARM_GCC_541\Debug\Design01.a(Green1.o)
 .debug_abbrev  0x00001041       0xc8 .\CortexM0\ARM_GCC_541\Debug\Design01.a(Red2.o)
 .debug_abbrev  0x00001109       0xc8 .\CortexM0\ARM_GCC_541\Debug\Design01.a(Blue2.o)
 .debug_abbrev  0x000011d1       0xc8 .\CortexM0\ARM_GCC_541\Debug\Design01.a(Green2.o)
 .debug_abbrev  0x00001299       0xc8 .\CortexM0\ARM_GCC_541\Debug\Design01.a(Switch1.o)
 .debug_abbrev  0x00001361      0x133 .\CortexM0\ARM_GCC_541\Debug\Design01.a(PWM_3.o)
 .debug_abbrev  0x00001494       0x14 .\CortexM0\ARM_GCC_541\Debug\Design01.a(CyBootAsmGnu.o)

.debug_line     0x00000000     0x1fdb
 *(.debug_line)
 .debug_line    0x00000000      0x195 .\CortexM0\ARM_GCC_541\Debug\main.o
 .debug_line    0x00000195      0x1bb .\CortexM0\ARM_GCC_541\Debug\cyfitter_cfg.o
 .debug_line    0x00000350      0x141 .\CortexM0\ARM_GCC_541\Debug\cymetadata.o
 .debug_line    0x00000491      0x236 .\CortexM0\ARM_GCC_541\Debug\Cm0Start.o
 .debug_line    0x000006c7      0x277 .\CortexM0\ARM_GCC_541\Debug\Design01.a(ADC_SAR_Seq_1.o)
 .debug_line    0x0000093e       0x6c .\CortexM0\ARM_GCC_541\Debug\Design01.a(ADC_SAR_Seq_1_INT.o)
 .debug_line    0x000009aa      0x553 .\CortexM0\ARM_GCC_541\Debug\Design01.a(CyLib.o)
 .debug_line    0x00000efd      0x5db .\CortexM0\ARM_GCC_541\Debug\Design01.a(CyLFClk.o)
 .debug_line    0x000014d8      0x190 .\CortexM0\ARM_GCC_541\Debug\Design01.a(PWM_1.o)
 .debug_line    0x00001668      0x190 .\CortexM0\ARM_GCC_541\Debug\Design01.a(PWM_2.o)
 .debug_line    0x000017f8       0xbf .\CortexM0\ARM_GCC_541\Debug\Design01.a(Speaker.o)
 .debug_line    0x000018b7       0xbc .\CortexM0\ARM_GCC_541\Debug\Design01.a(Red1.o)
 .debug_line    0x00001973       0xbd .\CortexM0\ARM_GCC_541\Debug\Design01.a(Blue1.o)
 .debug_line    0x00001a30       0xbe .\CortexM0\ARM_GCC_541\Debug\Design01.a(Green1.o)
 .debug_line    0x00001aee       0xbc .\CortexM0\ARM_GCC_541\Debug\Design01.a(Red2.o)
 .debug_line    0x00001baa       0xbd .\CortexM0\ARM_GCC_541\Debug\Design01.a(Blue2.o)
 .debug_line    0x00001c67       0xbe .\CortexM0\ARM_GCC_541\Debug\Design01.a(Green2.o)
 .debug_line    0x00001d25       0xbe .\CortexM0\ARM_GCC_541\Debug\Design01.a(Switch1.o)
 .debug_line    0x00001de3      0x190 .\CortexM0\ARM_GCC_541\Debug\Design01.a(PWM_3.o)
 .debug_line    0x00001f73       0x68 .\CortexM0\ARM_GCC_541\Debug\Design01.a(CyBootAsmGnu.o)

.debug_frame    0x00000000     0x15f0
 *(.debug_frame)
 .debug_frame   0x00000000       0x30 .\CortexM0\ARM_GCC_541\Debug\main.o
 .debug_frame   0x00000030       0xb8 .\CortexM0\ARM_GCC_541\Debug\cyfitter_cfg.o
 .debug_frame   0x000000e8       0xbc .\CortexM0\ARM_GCC_541\Debug\Cm0Start.o
 .debug_frame   0x000001a4      0x1b0 .\CortexM0\ARM_GCC_541\Debug\Design01.a(ADC_SAR_Seq_1.o)
 .debug_frame   0x00000354       0x20 .\CortexM0\ARM_GCC_541\Debug\Design01.a(ADC_SAR_Seq_1_INT.o)
 .debug_frame   0x00000374      0x4a4 .\CortexM0\ARM_GCC_541\Debug\Design01.a(CyLib.o)
 .debug_frame   0x00000818      0x4a8 .\CortexM0\ARM_GCC_541\Debug\Design01.a(CyLFClk.o)
 .debug_frame   0x00000cc0      0x134 .\CortexM0\ARM_GCC_541\Debug\Design01.a(PWM_1.o)
 .debug_frame   0x00000df4      0x134 .\CortexM0\ARM_GCC_541\Debug\Design01.a(PWM_2.o)
 .debug_frame   0x00000f28       0x70 .\CortexM0\ARM_GCC_541\Debug\Design01.a(Speaker.o)
 .debug_frame   0x00000f98       0x70 .\CortexM0\ARM_GCC_541\Debug\Design01.a(Red1.o)
 .debug_frame   0x00001008       0x70 .\CortexM0\ARM_GCC_541\Debug\Design01.a(Blue1.o)
 .debug_frame   0x00001078       0x70 .\CortexM0\ARM_GCC_541\Debug\Design01.a(Green1.o)
 .debug_frame   0x000010e8       0x70 .\CortexM0\ARM_GCC_541\Debug\Design01.a(Red2.o)
 .debug_frame   0x00001158       0x70 .\CortexM0\ARM_GCC_541\Debug\Design01.a(Blue2.o)
 .debug_frame   0x000011c8       0x70 .\CortexM0\ARM_GCC_541\Debug\Design01.a(Green2.o)
 .debug_frame   0x00001238       0x70 .\CortexM0\ARM_GCC_541\Debug\Design01.a(Switch1.o)
 .debug_frame   0x000012a8      0x134 .\CortexM0\ARM_GCC_541\Debug\Design01.a(PWM_3.o)
 .debug_frame   0x000013dc       0x20 c:/program files (x86)/cypress/psoc creator/4.4/psoc creator/import/gnu/arm/5.4.1/bin/../lib/gcc/arm-none-eabi/5.4.1/armv6-m\libgcc.a(_udivsi3.o)
 .debug_frame   0x000013fc       0x20 c:/program files (x86)/cypress/psoc creator/4.4/psoc creator/import/gnu/arm/5.4.1/bin/../lib/gcc/arm-none-eabi/5.4.1/armv6-m\libgcc.a(_divsi3.o)
 .debug_frame   0x0000141c       0x34 c:/program files (x86)/cypress/psoc creator/4.4/psoc creator/import/gnu/arm/5.4.1/bin/../lib/gcc/arm-none-eabi/5.4.1/armv6-m\libgcc.a(_muldi3.o)
 .debug_frame   0x00001450       0x30 c:/program files (x86)/cypress/psoc creator/4.4/psoc creator/import/gnu/arm/5.4.1/bin/../lib/gcc/arm-none-eabi/5.4.1/armv6-m\libgcc.a(bpabi.o)
 .debug_frame   0x00001480       0x3c c:/program files (x86)/cypress/psoc creator/4.4/psoc creator/import/gnu/arm/5.4.1/bin/../lib/gcc/arm-none-eabi/5.4.1/armv6-m\libgcc.a(divsf3.o)
 .debug_frame   0x000014bc       0x38 c:/program files (x86)/cypress/psoc creator/4.4/psoc creator/import/gnu/arm/5.4.1/bin/../lib/gcc/arm-none-eabi/5.4.1/armv6-m\libgcc.a(mulsf3.o)
 .debug_frame   0x000014f4       0x2c c:/program files (x86)/cypress/psoc creator/4.4/psoc creator/import/gnu/arm/5.4.1/bin/../lib/gcc/arm-none-eabi/5.4.1/armv6-m\libgcc.a(floatsisf.o)
 .debug_frame   0x00001520       0x3c c:/program files (x86)/cypress/psoc creator/4.4/psoc creator/import/gnu/arm/5.4.1/bin/../lib/gcc/arm-none-eabi/5.4.1/armv6-m\libgcc.a(_divdi3.o)
 .debug_frame   0x0000155c       0x20 c:/program files (x86)/cypress/psoc creator/4.4/psoc creator/import/gnu/arm/5.4.1/bin/../lib/gcc/arm-none-eabi/5.4.1/../../../../arm-none-eabi/lib/armv6-m\libg_nano.a(lib_a-errno.o)
 .debug_frame   0x0000157c       0x28 c:/program files (x86)/cypress/psoc creator/4.4/psoc creator/import/gnu/arm/5.4.1/bin/../lib/gcc/arm-none-eabi/5.4.1/../../../../arm-none-eabi/lib/armv6-m\libg_nano.a(lib_a-exit.o)
 .debug_frame   0x000015a4       0x2c c:/program files (x86)/cypress/psoc creator/4.4/psoc creator/import/gnu/arm/5.4.1/bin/../lib/gcc/arm-none-eabi/5.4.1/../../../../arm-none-eabi/lib/armv6-m\libg_nano.a(lib_a-init.o)
 .debug_frame   0x000015d0       0x20 c:/program files (x86)/cypress/psoc creator/4.4/psoc creator/import/gnu/arm/5.4.1/bin/../lib/gcc/arm-none-eabi/5.4.1/../../../../arm-none-eabi/lib/armv6-m\libg_nano.a(lib_a-memset.o)

.debug_str      0x00000000     0x1d58
 *(.debug_str)
 .debug_str     0x00000000      0x29c .\CortexM0\ARM_GCC_541\Debug\main.o
                                0x2dc (size before relaxing)
 .debug_str     0x0000029c      0x1a3 .\CortexM0\ARM_GCC_541\Debug\cyfitter_cfg.o
                                0x34f (size before relaxing)
 .debug_str     0x0000043f       0x9f .\CortexM0\ARM_GCC_541\Debug\cymetadata.o
                                0x1c2 (size before relaxing)
 .debug_str     0x000004de      0x13a .\CortexM0\ARM_GCC_541\Debug\Cm0Start.o
                                0x301 (size before relaxing)
 .debug_str     0x00000618      0x251 .\CortexM0\ARM_GCC_541\Debug\Design01.a(ADC_SAR_Seq_1.o)
                                0x4aa (size before relaxing)
 .debug_str     0x00000869       0x49 .\CortexM0\ARM_GCC_541\Debug\Design01.a(ADC_SAR_Seq_1_INT.o)
                                0x1d1 (size before relaxing)
 .debug_str     0x000008b2      0x5aa .\CortexM0\ARM_GCC_541\Debug\Design01.a(CyLib.o)
                                0x7f8 (size before relaxing)
 .debug_str     0x00000e5c      0x6e3 .\CortexM0\ARM_GCC_541\Debug\Design01.a(CyLFClk.o)
                                0x938 (size before relaxing)
 .debug_str     0x0000153f      0x178 .\CortexM0\ARM_GCC_541\Debug\Design01.a(PWM_1.o)
                                0x351 (size before relaxing)
 .debug_str     0x000016b7      0x146 .\CortexM0\ARM_GCC_541\Debug\Design01.a(PWM_2.o)
                                0x351 (size before relaxing)
 .debug_str     0x000017fd       0xab .\CortexM0\ARM_GCC_541\Debug\Design01.a(Speaker.o)
                                0x244 (size before relaxing)
 .debug_str     0x000018a8       0x75 .\CortexM0\ARM_GCC_541\Debug\Design01.a(Red1.o)
                                0x22f (size before relaxing)
 .debug_str     0x0000191d       0x7b .\CortexM0\ARM_GCC_541\Debug\Design01.a(Blue1.o)
                                0x236 (size before relaxing)
 .debug_str     0x00001998       0x81 .\CortexM0\ARM_GCC_541\Debug\Design01.a(Green1.o)
                                0x23d (size before relaxing)
 .debug_str     0x00001a19       0x75 .\CortexM0\ARM_GCC_541\Debug\Design01.a(Red2.o)
                                0x22f (size before relaxing)
 .debug_str     0x00001a8e       0x7b .\CortexM0\ARM_GCC_541\Debug\Design01.a(Blue2.o)
                                0x236 (size before relaxing)
 .debug_str     0x00001b09       0x81 .\CortexM0\ARM_GCC_541\Debug\Design01.a(Green2.o)
                                0x23d (size before relaxing)
 .debug_str     0x00001b8a       0x88 .\CortexM0\ARM_GCC_541\Debug\Design01.a(Switch1.o)
                                0x244 (size before relaxing)
 .debug_str     0x00001c12      0x146 .\CortexM0\ARM_GCC_541\Debug\Design01.a(PWM_3.o)
                                0x351 (size before relaxing)

.debug_loc      0x00000000     0x218d
 *(.debug_loc)
 .debug_loc     0x00000000       0x40 .\CortexM0\ARM_GCC_541\Debug\main.o
 .debug_loc     0x00000040      0x136 .\CortexM0\ARM_GCC_541\Debug\cyfitter_cfg.o
 .debug_loc     0x00000176      0x14f .\CortexM0\ARM_GCC_541\Debug\Cm0Start.o
 .debug_loc     0x000002c5      0x3a5 .\CortexM0\ARM_GCC_541\Debug\Design01.a(ADC_SAR_Seq_1.o)
 .debug_loc     0x0000066a      0x818 .\CortexM0\ARM_GCC_541\Debug\Design01.a(CyLib.o)
 .debug_loc     0x00000e82      0xdaa .\CortexM0\ARM_GCC_541\Debug\Design01.a(CyLFClk.o)
 .debug_loc     0x00001c2c       0x26 .\CortexM0\ARM_GCC_541\Debug\Design01.a(PWM_1.o)
 .debug_loc     0x00001c52       0x26 .\CortexM0\ARM_GCC_541\Debug\Design01.a(PWM_2.o)
 .debug_loc     0x00001c78       0xa2 .\CortexM0\ARM_GCC_541\Debug\Design01.a(Speaker.o)
 .debug_loc     0x00001d1a       0xa2 .\CortexM0\ARM_GCC_541\Debug\Design01.a(Red1.o)
 .debug_loc     0x00001dbc       0xa2 .\CortexM0\ARM_GCC_541\Debug\Design01.a(Blue1.o)
 .debug_loc     0x00001e5e       0xa2 .\CortexM0\ARM_GCC_541\Debug\Design01.a(Green1.o)
 .debug_loc     0x00001f00       0xa2 .\CortexM0\ARM_GCC_541\Debug\Design01.a(Red2.o)
 .debug_loc     0x00001fa2       0xa2 .\CortexM0\ARM_GCC_541\Debug\Design01.a(Blue2.o)
 .debug_loc     0x00002044       0xa2 .\CortexM0\ARM_GCC_541\Debug\Design01.a(Green2.o)
 .debug_loc     0x000020e6       0x81 .\CortexM0\ARM_GCC_541\Debug\Design01.a(Switch1.o)
 .debug_loc     0x00002167       0x26 .\CortexM0\ARM_GCC_541\Debug\Design01.a(PWM_3.o)

.debug_macinfo
 *(.debug_macinfo)

.debug_ranges   0x00000000      0x7b8
 *(.debug_ranges)
 .debug_ranges  0x00000000       0x10 .\CortexM0\ARM_GCC_541\Debug\main.o
 .debug_ranges  0x00000010       0x38 .\CortexM0\ARM_GCC_541\Debug\cyfitter_cfg.o
 .debug_ranges  0x00000048       0x38 .\CortexM0\ARM_GCC_541\Debug\Cm0Start.o
 .debug_ranges  0x00000080       0x98 .\CortexM0\ARM_GCC_541\Debug\Design01.a(ADC_SAR_Seq_1.o)
 .debug_ranges  0x00000118       0x10 .\CortexM0\ARM_GCC_541\Debug\Design01.a(ADC_SAR_Seq_1_INT.o)
 .debug_ranges  0x00000128      0x1c0 .\CortexM0\ARM_GCC_541\Debug\Design01.a(CyLib.o)
 .debug_ranges  0x000002e8      0x178 .\CortexM0\ARM_GCC_541\Debug\Design01.a(CyLFClk.o)
 .debug_ranges  0x00000460       0x88 .\CortexM0\ARM_GCC_541\Debug\Design01.a(PWM_1.o)
 .debug_ranges  0x000004e8       0x88 .\CortexM0\ARM_GCC_541\Debug\Design01.a(PWM_2.o)
 .debug_ranges  0x00000570       0x38 .\CortexM0\ARM_GCC_541\Debug\Design01.a(Speaker.o)
 .debug_ranges  0x000005a8       0x38 .\CortexM0\ARM_GCC_541\Debug\Design01.a(Red1.o)
 .debug_ranges  0x000005e0       0x38 .\CortexM0\ARM_GCC_541\Debug\Design01.a(Blue1.o)
 .debug_ranges  0x00000618       0x38 .\CortexM0\ARM_GCC_541\Debug\Design01.a(Green1.o)
 .debug_ranges  0x00000650       0x38 .\CortexM0\ARM_GCC_541\Debug\Design01.a(Red2.o)
 .debug_ranges  0x00000688       0x38 .\CortexM0\ARM_GCC_541\Debug\Design01.a(Blue2.o)
 .debug_ranges  0x000006c0       0x38 .\CortexM0\ARM_GCC_541\Debug\Design01.a(Green2.o)
 .debug_ranges  0x000006f8       0x38 .\CortexM0\ARM_GCC_541\Debug\Design01.a(Switch1.o)
 .debug_ranges  0x00000730       0x88 .\CortexM0\ARM_GCC_541\Debug\Design01.a(PWM_3.o)

.comment        0x00000000       0x6e
 .comment       0x00000000       0x6e .\CortexM0\ARM_GCC_541\Debug\main.o
                                 0x6f (size before relaxing)
 .comment       0x0000006e       0x6f .\CortexM0\ARM_GCC_541\Debug\cyfitter_cfg.o
 .comment       0x0000006e       0x6f .\CortexM0\ARM_GCC_541\Debug\cymetadata.o
 .comment       0x0000006e       0x6f .\CortexM0\ARM_GCC_541\Debug\Cm0Start.o
 .comment       0x0000006e       0x6f .\CortexM0\ARM_GCC_541\Debug\Design01.a(ADC_SAR_Seq_1.o)
 .comment       0x0000006e       0x6f .\CortexM0\ARM_GCC_541\Debug\Design01.a(ADC_SAR_Seq_1_INT.o)
 .comment       0x0000006e       0x6f .\CortexM0\ARM_GCC_541\Debug\Design01.a(CyLib.o)
 .comment       0x0000006e       0x6f .\CortexM0\ARM_GCC_541\Debug\Design01.a(CyLFClk.o)
 .comment       0x0000006e       0x6f .\CortexM0\ARM_GCC_541\Debug\Design01.a(PWM_1.o)
 .comment       0x0000006e       0x6f .\CortexM0\ARM_GCC_541\Debug\Design01.a(PWM_2.o)
 .comment       0x0000006e       0x6f .\CortexM0\ARM_GCC_541\Debug\Design01.a(Speaker.o)
 .comment       0x0000006e       0x6f .\CortexM0\ARM_GCC_541\Debug\Design01.a(Red1.o)
 .comment       0x0000006e       0x6f .\CortexM0\ARM_GCC_541\Debug\Design01.a(Blue1.o)
 .comment       0x0000006e       0x6f .\CortexM0\ARM_GCC_541\Debug\Design01.a(Green1.o)
 .comment       0x0000006e       0x6f .\CortexM0\ARM_GCC_541\Debug\Design01.a(Red2.o)
 .comment       0x0000006e       0x6f .\CortexM0\ARM_GCC_541\Debug\Design01.a(Blue2.o)
 .comment       0x0000006e       0x6f .\CortexM0\ARM_GCC_541\Debug\Design01.a(Green2.o)
 .comment       0x0000006e       0x6f .\CortexM0\ARM_GCC_541\Debug\Design01.a(Switch1.o)
 .comment       0x0000006e       0x6f .\CortexM0\ARM_GCC_541\Debug\Design01.a(PWM_3.o)

.debug_weaknames
 *(.debug_weaknames)

.debug_funcnames
 *(.debug_funcnames)

.debug_typenames
 *(.debug_typenames)

.debug_varnames
 *(.debug_varnames)

.note.gnu.arm.ident
 *(.note.gnu.arm.ident)

.ARM.attributes
                0x00000000       0x28
 *(.ARM.attributes)
 .ARM.attributes
                0x00000000       0x1e c:/program files (x86)/cypress/psoc creator/4.4/psoc creator/import/gnu/arm/5.4.1/bin/../lib/gcc/arm-none-eabi/5.4.1/armv6-m/crti.o
 .ARM.attributes
                0x0000001e       0x2c c:/program files (x86)/cypress/psoc creator/4.4/psoc creator/import/gnu/arm/5.4.1/bin/../lib/gcc/arm-none-eabi/5.4.1/armv6-m/crtbegin.o
 .ARM.attributes
                0x0000004a       0x1b c:/program files (x86)/cypress/psoc creator/4.4/psoc creator/import/gnu/arm/5.4.1/bin/../lib/gcc/arm-none-eabi/5.4.1/../../../../arm-none-eabi/lib/armv6-m/crt0.o
 .ARM.attributes
                0x00000065       0x31 .\CortexM0\ARM_GCC_541\Debug\main.o
 .ARM.attributes
                0x00000096       0x31 .\CortexM0\ARM_GCC_541\Debug\cyfitter_cfg.o
 .ARM.attributes
                0x000000c7       0x31 .\CortexM0\ARM_GCC_541\Debug\cymetadata.o
 .ARM.attributes
                0x000000f8       0x31 .\CortexM0\ARM_GCC_541\Debug\Cm0Start.o
 .ARM.attributes
                0x00000129       0x31 .\CortexM0\ARM_GCC_541\Debug\Design01.a(ADC_SAR_Seq_1.o)
 .ARM.attributes
                0x0000015a       0x31 .\CortexM0\ARM_GCC_541\Debug\Design01.a(ADC_SAR_Seq_1_INT.o)
 .ARM.attributes
                0x0000018b       0x31 .\CortexM0\ARM_GCC_541\Debug\Design01.a(CyLib.o)
 .ARM.attributes
                0x000001bc       0x31 .\CortexM0\ARM_GCC_541\Debug\Design01.a(CyLFClk.o)
 .ARM.attributes
                0x000001ed       0x31 .\CortexM0\ARM_GCC_541\Debug\Design01.a(PWM_1.o)
 .ARM.attributes
                0x0000021e       0x31 .\CortexM0\ARM_GCC_541\Debug\Design01.a(PWM_2.o)
 .ARM.attributes
                0x0000024f       0x31 .\CortexM0\ARM_GCC_541\Debug\Design01.a(Speaker.o)
 .ARM.attributes
                0x00000280       0x31 .\CortexM0\ARM_GCC_541\Debug\Design01.a(Red1.o)
 .ARM.attributes
                0x000002b1       0x31 .\CortexM0\ARM_GCC_541\Debug\Design01.a(Blue1.o)
 .ARM.attributes
                0x000002e2       0x31 .\CortexM0\ARM_GCC_541\Debug\Design01.a(Green1.o)
 .ARM.attributes
                0x00000313       0x31 .\CortexM0\ARM_GCC_541\Debug\Design01.a(Red2.o)
 .ARM.attributes
                0x00000344       0x31 .\CortexM0\ARM_GCC_541\Debug\Design01.a(Blue2.o)
 .ARM.attributes
                0x00000375       0x31 .\CortexM0\ARM_GCC_541\Debug\Design01.a(Green2.o)
 .ARM.attributes
                0x000003a6       0x31 .\CortexM0\ARM_GCC_541\Debug\Design01.a(Switch1.o)
 .ARM.attributes
                0x000003d7       0x31 .\CortexM0\ARM_GCC_541\Debug\Design01.a(PWM_3.o)
 .ARM.attributes
                0x00000408       0x21 .\CortexM0\ARM_GCC_541\Debug\Design01.a(CyBootAsmGnu.o)
 .ARM.attributes
                0x00000429       0x1e c:/program files (x86)/cypress/psoc creator/4.4/psoc creator/import/gnu/arm/5.4.1/bin/../lib/gcc/arm-none-eabi/5.4.1/armv6-m\libgcc.a(_udivsi3.o)
 .ARM.attributes
                0x00000447       0x1e c:/program files (x86)/cypress/psoc creator/4.4/psoc creator/import/gnu/arm/5.4.1/bin/../lib/gcc/arm-none-eabi/5.4.1/armv6-m\libgcc.a(_divsi3.o)
 .ARM.attributes
                0x00000465       0x1e c:/program files (x86)/cypress/psoc creator/4.4/psoc creator/import/gnu/arm/5.4.1/bin/../lib/gcc/arm-none-eabi/5.4.1/armv6-m\libgcc.a(_dvmd_tls.o)
 .ARM.attributes
                0x00000483       0x1e c:/program files (x86)/cypress/psoc creator/4.4/psoc creator/import/gnu/arm/5.4.1/bin/../lib/gcc/arm-none-eabi/5.4.1/armv6-m\libgcc.a(_aeabi_ldivmod.o)
 .ARM.attributes
                0x000004a1       0x2c c:/program files (x86)/cypress/psoc creator/4.4/psoc creator/import/gnu/arm/5.4.1/bin/../lib/gcc/arm-none-eabi/5.4.1/armv6-m\libgcc.a(_muldi3.o)
 .ARM.attributes
                0x000004cd       0x2c c:/program files (x86)/cypress/psoc creator/4.4/psoc creator/import/gnu/arm/5.4.1/bin/../lib/gcc/arm-none-eabi/5.4.1/armv6-m\libgcc.a(bpabi.o)
 .ARM.attributes
                0x000004f9       0x2c c:/program files (x86)/cypress/psoc creator/4.4/psoc creator/import/gnu/arm/5.4.1/bin/../lib/gcc/arm-none-eabi/5.4.1/armv6-m\libgcc.a(divsf3.o)
 .ARM.attributes
                0x00000525       0x2c c:/program files (x86)/cypress/psoc creator/4.4/psoc creator/import/gnu/arm/5.4.1/bin/../lib/gcc/arm-none-eabi/5.4.1/armv6-m\libgcc.a(mulsf3.o)
 .ARM.attributes
                0x00000551       0x2c c:/program files (x86)/cypress/psoc creator/4.4/psoc creator/import/gnu/arm/5.4.1/bin/../lib/gcc/arm-none-eabi/5.4.1/armv6-m\libgcc.a(floatsisf.o)
 .ARM.attributes
                0x0000057d       0x1e c:/program files (x86)/cypress/psoc creator/4.4/psoc creator/import/gnu/arm/5.4.1/bin/../lib/gcc/arm-none-eabi/5.4.1/armv6-m\libgcc.a(_clzsi2.o)
 .ARM.attributes
                0x0000059b       0x2c c:/program files (x86)/cypress/psoc creator/4.4/psoc creator/import/gnu/arm/5.4.1/bin/../lib/gcc/arm-none-eabi/5.4.1/armv6-m\libgcc.a(_divdi3.o)
 .ARM.attributes
                0x000005c7       0x1e c:/program files (x86)/cypress/psoc creator/4.4/psoc creator/import/gnu/arm/5.4.1/bin/../lib/gcc/arm-none-eabi/5.4.1/armv6-m\libgcc.a(_clzdi2.o)
 .ARM.attributes
                0x000005e5       0x2c c:/program files (x86)/cypress/psoc creator/4.4/psoc creator/import/gnu/arm/5.4.1/bin/../lib/gcc/arm-none-eabi/5.4.1/../../../../arm-none-eabi/lib/armv6-m\libg_nano.a(lib_a-errno.o)
 .ARM.attributes
                0x00000611       0x2c c:/program files (x86)/cypress/psoc creator/4.4/psoc creator/import/gnu/arm/5.4.1/bin/../lib/gcc/arm-none-eabi/5.4.1/../../../../arm-none-eabi/lib/armv6-m\libg_nano.a(lib_a-exit.o)
 .ARM.attributes
                0x0000063d       0x2c c:/program files (x86)/cypress/psoc creator/4.4/psoc creator/import/gnu/arm/5.4.1/bin/../lib/gcc/arm-none-eabi/5.4.1/../../../../arm-none-eabi/lib/armv6-m\libg_nano.a(lib_a-impure.o)
 .ARM.attributes
                0x00000669       0x2c c:/program files (x86)/cypress/psoc creator/4.4/psoc creator/import/gnu/arm/5.4.1/bin/../lib/gcc/arm-none-eabi/5.4.1/../../../../arm-none-eabi/lib/armv6-m\libg_nano.a(lib_a-init.o)
 .ARM.attributes
                0x00000695       0x2c c:/program files (x86)/cypress/psoc creator/4.4/psoc creator/import/gnu/arm/5.4.1/bin/../lib/gcc/arm-none-eabi/5.4.1/../../../../arm-none-eabi/lib/armv6-m\libg_nano.a(lib_a-memset.o)
 .ARM.attributes
                0x000006c1       0x2c c:/program files (x86)/cypress/psoc creator/4.4/psoc creator/import/gnu/arm/5.4.1/bin/../lib/gcc/arm-none-eabi/5.4.1/armv6-m/crtend.o
 .ARM.attributes
                0x000006ed       0x1e c:/program files (x86)/cypress/psoc creator/4.4/psoc creator/import/gnu/arm/5.4.1/bin/../lib/gcc/arm-none-eabi/5.4.1/armv6-m/crtn.o

/DISCARD/
 *(.note.GNU-stack)
OUTPUT(C:\Users\harri\Desktop\Code1\Final (2)\Final\Final\Design01.cydsn\CortexM0\ARM_GCC_541\Debug\Design01.elf elf32-littlearm)
